// Jest Snapshot v1, https://goo.gl/fbAQLP

exports[`SimpleList should match snapshot 1`] = `ShallowWrapper {}`;
