// Jest Snapshot v1, https://goo.gl/fbAQLP

exports[`Regions should match snapshot 1`] = `ShallowWrapper {}`;
