// Jest Snapshot v1, https://goo.gl/fbAQLP

exports[`CountryList should match snapshot 1`] = `ShallowWrapper {}`;
