// Jest Snapshot v1, https://goo.gl/fbAQLP

exports[`CountryListToolbar should match snapshot 1`] = `ShallowWrapper {}`;
