// Jest Snapshot v1, https://goo.gl/fbAQLP

exports[`GoogleMap should match snapshot 1`] = `ShallowWrapper {}`;
