// Jest Snapshot v1, https://goo.gl/fbAQLP

exports[`Country should match snapshot 1`] = `ShallowWrapper {}`;
